// Jest Snapshot v1, https://goo.gl/fbAQLP

exports[`renders ToursPage correctly 1`] = `
<indexstyles__PageContainer
  data-test="component-tours-page"
>
  <Connect(UnconnectedFilterPanel) />
  <indexstyles__ContentContainer>
    <SecodaryHeading>
       تورهای فعال
    </SecodaryHeading>
    <indexstyles__CardsContainer />
  </indexstyles__ContentContainer>
</indexstyles__PageContainer>
`;
