// Jest Snapshot v1, https://goo.gl/fbAQLP

exports[`renders ToursPage correctly 1`] = `
<indexstyles__PageContainer
  data-test="component-tours-page"
>
  <Connect(UnconnectedFilterPanel) />
  <indexstyles__ContentContainer>
    <SecodaryHeading>
       تورهای فعال
    </SecodaryHeading>
    <indexstyles__CardsContainer />
    <indexstyles__PaginateContainer>
      <Paginate
        data-test="tours-pagination"
        maxPage={18}
        onChange={[Function]}
        selectedPage={1}
      />
    </indexstyles__PaginateContainer>
  </indexstyles__ContentContainer>
</indexstyles__PageContainer>
`;
